// Jest Snapshot v1, https://goo.gl/fbAQLP

exports[`extractor derives display name from filename 1`] = `
"import { styled } from 'linaria/react';
export default /*#__PURE__*/styled(\\"h1\\")({
  name: \\"FancyName0\\",
  class: \\"FancyName0_f1yjazsq\\"
});"
`;

exports[`extractor derives display name from filename 2`] = `

CSS:

.FancyName0_f1yjazsq {
  font-size: 14px;
}

Dependencies: NA

`;

exports[`extractor derives display name from parent folder name 1`] = `
"import { styled } from 'linaria/react';
export default /*#__PURE__*/styled(\\"h1\\")({
  name: \\"FancyName0\\",
  class: \\"FancyName0_f1e8u5dq\\"
});"
`;

exports[`extractor derives display name from parent folder name 2`] = `

CSS:

.FancyName0_f1e8u5dq {
  font-size: 14px;
}

Dependencies: NA

`;

exports[`extractor does not strip instanbul coverage sequences 1`] = `
"var cov_2dr9r1nt95 = function () {
  var path = \\"/home/user/project/file.js\\";
  var hash = \\"23f56bbaeb2ebcd213f41374d3b2af1bce287bd3\\";
  var global = new Function(\\"return this\\")();
  var gcv = \\"__coverage__\\";
  var coverageData = {
    path: \\"/home/user/project/file.js\\",
    statementMap: {
      \\"0\\": {
        start: {
          line: 3,
          column: 10
        },
        end: {
          line: 3,
          column: 12
        }
      },
      \\"1\\": {
        start: {
          line: 5,
          column: 21
        },
        end: {
          line: 7,
          column: 1
        }
      }
    },
    fnMap: {},
    branchMap: {},
    s: {
      \\"0\\": 0,
      \\"1\\": 0
    },
    f: {},
    b: {},
    _coverageSchema: \\"43e27e138ebf9cfc5966b082cf9a028302ed4184\\",
    hash: \\"23f56bbaeb2ebcd213f41374d3b2af1bce287bd3\\"
  };
  var coverage = global[gcv] || (global[gcv] = {});

  if (coverage[path] && coverage[path].hash === hash) {
    return coverage[path];
  }

  return coverage[path] = coverageData;
}();

import { styled } from 'linaria/react';
const a = (cov_2dr9r1nt95.s[0]++, 42);
export const Title = (cov_2dr9r1nt95.s[1]++, /*#__PURE__*/styled(\\"h1\\")({
  name: \\"Title\\",
  class: \\"Title_tow9xsn\\"
}));"
`;

exports[`extractor does not strip instanbul coverage sequences 2`] = `

CSS:

.Title_tow9xsn {
  height: 42px;
}

Dependencies: NA

`;

exports[`extractor evaluates babel helpers 1`] = `
"import { styled } from 'linaria/react';

function copyAndExtend(a, b) {
  return { ...a,
    ...b
  };
}

const obj = copyAndExtend({
  a: 1
}, {
  a: 2
});
export const Title = /*#__PURE__*/styled(\\"h1\\")({
  name: \\"Title\\",
  class: \\"Title_t1xha7dm\\"
});"
`;

exports[`extractor evaluates babel helpers 2`] = `

CSS:

.Title_t1xha7dm {
  &:before {
    content: "2"
  }
}

Dependencies: NA

`;

exports[`extractor evaluates complex styles with functions and nested selectors 1`] = `
"import { css } from '../index.ts';
export const bareIconClass = \\"bareIconClass_b1xha7dm\\";

const getSizeStyles = fs => ({
  [\`&.\${bareIconClass}\`]: {
    fontSize: fs * 1.5
  }
});

export const SIZES = {
  XS: \\"XS_x1rsdnkv\\"
};"
`;

exports[`extractor evaluates complex styles with functions and nested selectors 2`] = `

CSS:

.bareIconClass_b1xha7dm {}
.XS_x1rsdnkv {&.bareIconClass_b1xha7dm { font-size: 16.5px; }}

Dependencies: NA

`;

exports[`extractor evaluates component interpolations 1`] = `
"const {
  styled
} = require('../react');

export const Title = /*#__PURE__*/styled(\\"h1\\")({
  name: \\"Title\\",
  class: \\"Title_t1xha7dm\\"
});
export const Paragraph = /*#__PURE__*/styled(\\"p\\")({
  name: \\"Paragraph\\",
  class: \\"Paragraph_p1rsdnkv\\"
});"
`;

exports[`extractor evaluates component interpolations 2`] = `

CSS:

.Title_t1xha7dm {
  color: red;
}
.Paragraph_p1rsdnkv {
  .Title_t1xha7dm {
    color: blue;
  }
}

Dependencies: NA

`;

exports[`extractor evaluates dependencies with sequence expression 1`] = `
"import { styled } from 'linaria/react';
const color = (external, () => 'blue');
export const Title = /*#__PURE__*/styled(\\"h1\\")({
  name: \\"Title\\",
  class: \\"Title_t1xha7dm\\",
  vars: {
    \\"t1xha7dm-0\\": [color]
  }
});"
`;

exports[`extractor evaluates dependencies with sequence expression 2`] = `

CSS:

.Title_t1xha7dm {
  color: var(--t1xha7dm-0);
}

Dependencies: NA

`;

exports[`extractor evaluates expressions with dependencies 1`] = `
"import { styled } from 'linaria/react';
import slugify from '../slugify';
export const Title = /*#__PURE__*/styled(\\"h1\\")({
  name: \\"Title\\",
  class: \\"Title_t1xha7dm\\"
});"
`;

exports[`extractor evaluates expressions with dependencies 2`] = `

CSS:

.Title_t1xha7dm {
  &:before {
    content: "6og6jy"
  }
}

Dependencies: ../slugify

`;

exports[`extractor evaluates expressions with expressions depending on shared dependency 1`] = `
"import { styled } from 'linaria/react';

const slugify = require('../slugify').default;

const boo = t => slugify(t) + 'boo';

const bar = t => slugify(t) + 'bar';

export const Title = /*#__PURE__*/styled(\\"h1\\")({
  name: \\"Title\\",
  class: \\"Title_t1xha7dm\\"
});"
`;

exports[`extractor evaluates expressions with expressions depending on shared dependency 2`] = `

CSS:

.Title_t1xha7dm {
  &:before {
    content: "6og6jyboo6og6jybar"
  }
}

Dependencies: ../slugify

`;

exports[`extractor evaluates functions with nested identifiers 1`] = `
"import { styled } from 'linaria/react';
const objects = {
  key: {
    fontSize: 12
  }
};

const foo = k => {
  const obj = objects[k];
  return obj;
};

export const Title = /*#__PURE__*/styled(\\"h1\\")({
  name: \\"Title\\",
  class: \\"Title_t1xha7dm\\"
});"
`;

exports[`extractor evaluates functions with nested identifiers 2`] = `

CSS:

.Title_t1xha7dm {
  font-size: 12px;
}

Dependencies: NA

`;

exports[`extractor evaluates identifier in scope 1`] = `
"import { styled } from 'linaria/react';
const answer = 42;

const foo = () => answer;

const days = foo() + ' days';
export const Title = /*#__PURE__*/styled(\\"h1\\")({
  name: \\"Title\\",
  class: \\"Title_t1xha7dm\\"
});"
`;

exports[`extractor evaluates identifier in scope 2`] = `

CSS:

.Title_t1xha7dm {
  &:before {
    content: "42 days"
  }
}

Dependencies: NA

`;

exports[`extractor evaluates interpolations with sequence expression 1`] = `
"import { styled } from 'linaria/react';
export const Title = /*#__PURE__*/styled(\\"h1\\")({
  name: \\"Title\\",
  class: \\"Title_t1xha7dm\\",
  vars: {
    \\"t1xha7dm-0\\": [(external, () => \\"blue\\")]
  }
});"
`;

exports[`extractor evaluates interpolations with sequence expression 2`] = `

CSS:

.Title_t1xha7dm {
  color: var(--t1xha7dm-0);
}

Dependencies: NA

`;

exports[`extractor evaluates local expressions 1`] = `
"import { styled } from 'linaria/react';
const answer = 42;

const foo = () => answer;

export const Title = /*#__PURE__*/styled(\\"h1\\")({
  name: \\"Title\\",
  class: \\"Title_t1xha7dm\\"
});"
`;

exports[`extractor evaluates local expressions 2`] = `

CSS:

.Title_t1xha7dm {
  &:before {
    content: "42 days"
  }
}

Dependencies: NA

`;

exports[`extractor evaluates multiple expressions with shared dependency 1`] = `
"import { styled } from 'linaria/react';

const slugify = require('../slugify').default;

const boo = t => slugify(t) + 'boo';

const bar = t => slugify(t) + 'bar';

export const Title = /*#__PURE__*/styled(\\"h1\\")({
  name: \\"Title\\",
  class: \\"Title_t1xha7dm\\"
});"
`;

exports[`extractor evaluates multiple expressions with shared dependency 2`] = `

CSS:

.Title_t1xha7dm {
  &:before {
    content: "6og6jyboo"
    content: "6og6jybar"
  }
}

Dependencies: ../slugify

`;

exports[`extractor evaluates typescript enums 1`] = `
"var Colors;

(function (Colors) {
  Colors[\\"BLUE\\"] = \\"#27509A\\";
})(Colors || (Colors = {}));

const Title = styled.h1\`
  color: \${Colors.BLUE};
\`;"
`;

exports[`extractor evaluates typescript enums 2`] = `Object {}`;

exports[`extractor generates stable class names 1`] = `
"import { styled } from '../react';
export const T1 = /*#__PURE__*/styled(\\"h1\\")({
  name: \\"T1\\",
  class: \\"T1_t11kcpnd\\"
});
export const T2 = /*#__PURE__*/styled(\\"h2\\")({
  name: \\"T2\\",
  class: \\"T2_t1xdipzs\\"
});
export const T3 = /*#__PURE__*/styled(\\"h3\\")({
  name: \\"T3\\",
  class: \\"T3_tmgfls7\\"
});"
`;

exports[`extractor generates stable class names 2`] = `

CSS:

.T1_t11kcpnd {background: #111;}
.T2_t1xdipzs {background: #222;}
.T3_tmgfls7 {.T2_t1xdipzs { background: #333; }}

Dependencies: NA

`;

exports[`extractor handles complex component 1`] = `
"// Dead code in this file should be ignored
import deadDep from 'unknown-dependency';
import { styled } from 'linaria/react';
export const deadValue = deadDep();
const objects = {
  font: {
    fontSize: 12
  },
  box: {
    border: \\"1px solid red\\"
  }
};

const foo = k => {
  const {
    [k]: obj
  } = objects;
  return obj;
};

objects.font.fontWeight = 'bold';
export const whiteColor = '#fff';
export const Title = /*#__PURE__*/styled(\\"h1\\")({
  name: \\"Title\\",
  class: \\"Title_t1us8k4s\\"
});"
`;

exports[`extractor handles complex component 2`] = `

CSS:

.Title_t1us8k4s {
  font-size: 12px;
  border: 1px solid red;
}

Dependencies: NA

`;

exports[`extractor handles escapes properly 1`] = `
"import { styled } from 'linaria/react';
const selectors = ['a', 'b'];
export const Block = /*#__PURE__*/styled(\\"div\\")({
  name: \\"Block\\",
  class: \\"Block_b3rflbm\\"
});"
`;

exports[`extractor handles escapes properly 2`] = `

CSS:

.Block_b3rflbm {
  a { content: "\\u000A"; } b { content: "\\u000A"; }



   ;
}

Dependencies: NA

`;

exports[`extractor handles indirect wrapping another styled component 1`] = `
"const {
  styled
} = require('../react');

const Title = /*#__PURE__*/styled(\\"h1\\")({
  name: \\"Title\\",
  class: \\"Title_t1xha7dm\\"
});

const hoc = Cmp => Cmp;

export const CustomTitle = /*#__PURE__*/styled(hoc(Title))({
  name: \\"CustomTitle\\",
  class: \\"CustomTitle_c1rsdnkv\\"
});"
`;

exports[`extractor handles indirect wrapping another styled component 2`] = `

CSS:

.Title_t1xha7dm {
  color: red;
}
.CustomTitle_c1rsdnkv {
  font-size: 24px;
  color: blue;
}

Dependencies: NA

`;

exports[`extractor handles wrapping another styled component 1`] = `
"const {
  css
} = require('..');

const {
  styled
} = require('../react');

const Title = /*#__PURE__*/styled(\\"h1\\")({
  name: \\"Title\\",
  class: \\"Title_t1xha7dm\\"
});
export const BlueTitle = /*#__PURE__*/styled(Title)({
  name: \\"BlueTitle\\",
  class: \\"BlueTitle_b1rsdnkv\\"
});
export const GreenTitle = /*#__PURE__*/styled(BlueTitle)({
  name: \\"GreenTitle\\",
  class: \\"GreenTitle_gdu5vkq\\"
});"
`;

exports[`extractor handles wrapping another styled component 2`] = `

CSS:

.Title_t1xha7dm {
  color: red;
}
.BlueTitle_b1rsdnkv.Title_t1xha7dm {
  font-size: 24px;
  color: blue;
}
.GreenTitle_gdu5vkq.BlueTitle_b1rsdnkv.Title_t1xha7dm {
  color: green;
}

Dependencies: NA

`;

exports[`extractor hoistable identifiers 1`] = `
"import { styled } from 'linaria/react';
{
  var days = 42;
}
export const Title = /*#__PURE__*/styled(\\"h1\\")({
  name: \\"Title\\",
  class: \\"Title_t1xha7dm\\"
});"
`;

exports[`extractor hoistable identifiers 2`] = `

CSS:

.Title_t1xha7dm {
  &:before {
    content: "42"
  }
}

Dependencies: NA

`;

exports[`extractor ignores external expressions 1`] = `
"import { styled } from 'linaria/react';

const generate = props => props.content;

export const Title = /*#__PURE__*/styled(\\"h1\\")({
  name: \\"Title\\",
  class: \\"Title_t1xha7dm\\",
  vars: {
    \\"t1xha7dm-0\\": [generate]
  }
});"
`;

exports[`extractor ignores external expressions 2`] = `

CSS:

.Title_t1xha7dm {
  &:before {
    content: "var(--t1xha7dm-0)"
  }
}

Dependencies: NA

`;

exports[`extractor ignores inline arrow function expressions 1`] = `
"import { styled } from 'linaria/react';
export const Title = /*#__PURE__*/styled(\\"h1\\")({
  name: \\"Title\\",
  class: \\"Title_t1xha7dm\\",
  vars: {
    \\"t1xha7dm-0\\": [props => props.content]
  }
});"
`;

exports[`extractor ignores inline arrow function expressions 2`] = `

CSS:

.Title_t1xha7dm {
  &:before {
    content: "var(--t1xha7dm-0)"
  }
}

Dependencies: NA

`;

exports[`extractor ignores inline vanilla function expressions 1`] = `
"import { styled } from 'linaria/react';
export const Title = /*#__PURE__*/styled(\\"h1\\")({
  name: \\"Title\\",
  class: \\"Title_t1xha7dm\\",
  vars: {
    \\"t1xha7dm-0\\": [function (props) {
      return props.content;
    }]
  }
});"
`;

exports[`extractor ignores inline vanilla function expressions 2`] = `

CSS:

.Title_t1xha7dm {
  &:before {
    content: "var(--t1xha7dm-0)"
  }
}

Dependencies: NA

`;

exports[`extractor inlines array styles as CSS string 1`] = `
"import { styled } from 'linaria/react';

const fill = (top = 0, left = 0, right = 0, bottom = 0) => [{
  position: 'absolute'
}, {
  top,
  right,
  bottom,
  left
}];

export const Title = /*#__PURE__*/styled(\\"h1\\")({
  name: \\"Title\\",
  class: \\"Title_t1xha7dm\\"
});"
`;

exports[`extractor inlines array styles as CSS string 2`] = `

CSS:

.Title_t1xha7dm {
  position: absolute; top: 0; right: 0; bottom: 0; left: 0;
}

Dependencies: NA

`;

exports[`extractor inlines object styles as CSS string 1`] = `
"import { styled } from 'linaria/react';

const fill = (top = 0, left = 0, right = 0, bottom = 0) => ({
  position: 'absolute',
  top,
  right,
  bottom,
  left
});

export const Title = /*#__PURE__*/styled(\\"h1\\")({
  name: \\"Title\\",
  class: \\"Title_t1xha7dm\\"
});"
`;

exports[`extractor inlines object styles as CSS string 2`] = `

CSS:

.Title_t1xha7dm {
  position: absolute; top: 0; right: 0; bottom: 0; left: 0;
}

Dependencies: NA

`;

exports[`extractor non-hoistable identifiers 1`] = `
"<<DIRNAME>>/source.js: An error occurred when evaluating the expression: days is not defined. Make sure you are not using a browser or Node specific API.
   7 | export const Title = styled.h1\`
   8 |   &:before {
>  9 |     content: \\"\${days}\\"
     |                 ^^^^
  10 |   }
  11 | \`;"
`;

exports[`extractor should work with String and Number object 1`] = `
"import { css } from 'linaria';
export const style = \\"style_s1xha7dm\\";"
`;

exports[`extractor should work with String and Number object 2`] = `

CSS:

.style_s1xha7dm {
  width: 100%;
  opacity: 0.75;
}

Dependencies: NA

`;

exports[`extractor should work with generated classnames as selectors 1`] = `
"import { css } from \\"linaria\\";
export const text = \\"text_t1xha7dm\\";
export const square = \\"square_s1rsdnkv\\";"
`;

exports[`extractor should work with generated classnames as selectors 2`] = `

CSS:

.text_t1xha7dm {}
.square_s1rsdnkv {
  .text_t1xha7dm {
    color: red;
  }
}

Dependencies: NA

`;

exports[`extractor simplifies react components 1`] = `
"import React from 'react';
import { styled } from 'linaria/react';
import constant from './broken-dependency';

const FuncComponent = props => <div>{props.children + constant}</div>;

class ClassComponent extends React.PureComponent {
  method() {
    return constant;
  }

  render() {
    return <div>{props.children + constant}</div>;
  }

}

export const StyledFunc = /*#__PURE__*/styled(FuncComponent)({
  name: \\"StyledFunc\\",
  class: \\"StyledFunc_s1xha7dm\\"
});
export const StyledClass = /*#__PURE__*/styled(ClassComponent)({
  name: \\"StyledClass\\",
  class: \\"StyledClass_s1rsdnkv\\"
});"
`;

exports[`extractor simplifies react components 2`] = `

CSS:

.StyledFunc_s1xha7dm {
  color: red;
}
.StyledClass_s1rsdnkv {
  color: blue;
}

Dependencies: react

`;

exports[`extractor throws codeframe error when evaluation fails 1`] = `
"<<DIRNAME>>/source.js: An error occurred when evaluating the expression: This will fail. Make sure you are not using a browser or Node specific API.
  4 | 
  5 | export const Title = styled.h1\`
> 6 |   font-size: \${foo()}px;
    |                ^^^^^
  7 | \`;"
`;

exports[`extractor throws if couldn't determine a display name 1`] = `
"<<DIRNAME>>/.js: Couldn't determine a name for the component. Ensure that it's either:
- Assigned to a variable
- Is an object property
- Is a prop in a JSX element

  1 | import { styled } from 'linaria/react';
  2 | 
> 3 | export default styled.h1\`
    |                ^
  4 |   font-size: 14px;
  5 | \`;"
`;

exports[`extractor throws when interpolation evaluates to NaN 1`] = `
"<<DIRNAME>>/source.js: The expression evaluated to 'NaN', which is probably a mistake. If you want it to be inserted into CSS, explicitly cast or transform the value to a string, e.g. - 'String(height)'.
  4 | 
  5 | export const Title = styled.h1\`
> 6 |   height: \${height}px;
    |             ^^^^^^
  7 | \`;"
`;

exports[`extractor throws when interpolation evaluates to null 1`] = `
"<<DIRNAME>>/source.js: The expression evaluated to 'null', which is probably a mistake. If you want it to be inserted into CSS, explicitly cast or transform the value to a string, e.g. - 'String(color)'.
  4 | 
  5 | export const Title = styled.h1\`
> 6 |   color: \${color};
    |            ^^^^^
  7 | \`;"
`;

exports[`extractor throws when interpolation evaluates to undefined 1`] = `
"<<DIRNAME>>/source.js: The expression evaluated to 'undefined', which is probably a mistake. If you want it to be inserted into CSS, explicitly cast or transform the value to a string, e.g. - 'String(fontSize)'.
  4 | 
  5 | export const Title = styled.h1\`
> 6 |   font-size: \${fontSize};
    |                ^^^^^^^^
  7 | \`;"
`;

exports[`shaker derives display name from filename 1`] = `
"import { styled } from 'linaria/react';
export default /*#__PURE__*/styled(\\"h1\\")({
  name: \\"FancyName0\\",
  class: \\"FancyName0_f1yjazsq\\"
});"
`;

exports[`shaker derives display name from filename 2`] = `

CSS:

.FancyName0_f1yjazsq {
  font-size: 14px;
}

Dependencies: NA

`;

exports[`shaker derives display name from parent folder name 1`] = `
"import { styled } from 'linaria/react';
export default /*#__PURE__*/styled(\\"h1\\")({
  name: \\"FancyName0\\",
  class: \\"FancyName0_f1e8u5dq\\"
});"
`;

exports[`shaker derives display name from parent folder name 2`] = `

CSS:

.FancyName0_f1e8u5dq {
  font-size: 14px;
}

Dependencies: NA

`;

exports[`shaker does not strip instanbul coverage sequences 1`] = `
"var cov_2dr9r1nt95 = function () {
  var path = \\"/home/user/project/file.js\\";
  var hash = \\"23f56bbaeb2ebcd213f41374d3b2af1bce287bd3\\";
  var global = new Function(\\"return this\\")();
  var gcv = \\"__coverage__\\";
  var coverageData = {
    path: \\"/home/user/project/file.js\\",
    statementMap: {
      \\"0\\": {
        start: {
          line: 3,
          column: 10
        },
        end: {
          line: 3,
          column: 12
        }
      },
      \\"1\\": {
        start: {
          line: 5,
          column: 21
        },
        end: {
          line: 7,
          column: 1
        }
      }
    },
    fnMap: {},
    branchMap: {},
    s: {
      \\"0\\": 0,
      \\"1\\": 0
    },
    f: {},
    b: {},
    _coverageSchema: \\"43e27e138ebf9cfc5966b082cf9a028302ed4184\\",
    hash: \\"23f56bbaeb2ebcd213f41374d3b2af1bce287bd3\\"
  };
  var coverage = global[gcv] || (global[gcv] = {});

  if (coverage[path] && coverage[path].hash === hash) {
    return coverage[path];
  }

  return coverage[path] = coverageData;
}();

import { styled } from 'linaria/react';
const a = (cov_2dr9r1nt95.s[0]++, 42);
export const Title = (cov_2dr9r1nt95.s[1]++, /*#__PURE__*/styled(\\"h1\\")({
  name: \\"Title\\",
  class: \\"Title_tow9xsn\\"
}));"
`;

exports[`shaker does not strip instanbul coverage sequences 2`] = `

CSS:

.Title_tow9xsn {
  height: 42px;
}

Dependencies: NA

`;

exports[`shaker evaluates babel helpers 1`] = `
"import { styled } from 'linaria/react';

function copyAndExtend(a, b) {
  return { ...a,
    ...b
  };
}

const obj = copyAndExtend({
  a: 1
}, {
  a: 2
});
export const Title = /*#__PURE__*/styled(\\"h1\\")({
  name: \\"Title\\",
  class: \\"Title_t1xha7dm\\"
});"
`;

exports[`shaker evaluates babel helpers 2`] = `

CSS:

.Title_t1xha7dm {
  &:before {
    content: "2"
  }
}

Dependencies: NA

`;

exports[`shaker evaluates complex styles with functions and nested selectors 1`] = `
"import { css } from '../index.ts';
export const bareIconClass = \\"bareIconClass_b1xha7dm\\";

const getSizeStyles = fs => ({
  [\`&.\${bareIconClass}\`]: {
    fontSize: fs * 1.5
  }
});

export const SIZES = {
  XS: \\"XS_x1rsdnkv\\"
};"
`;

exports[`shaker evaluates complex styles with functions and nested selectors 2`] = `

CSS:

.bareIconClass_b1xha7dm {}
.XS_x1rsdnkv {&.bareIconClass_b1xha7dm { font-size: 16.5px; }}

Dependencies: NA

`;

exports[`shaker evaluates component interpolations 1`] = `
"const {
  styled
} = require('../react');

export const Title = /*#__PURE__*/styled(\\"h1\\")({
  name: \\"Title\\",
  class: \\"Title_t1xha7dm\\"
});
export const Paragraph = /*#__PURE__*/styled(\\"p\\")({
  name: \\"Paragraph\\",
  class: \\"Paragraph_p1rsdnkv\\"
});"
`;

exports[`shaker evaluates component interpolations 2`] = `

CSS:

.Title_t1xha7dm {
  color: red;
}
.Paragraph_p1rsdnkv {
  .Title_t1xha7dm {
    color: blue;
  }
}

Dependencies: NA

`;

exports[`shaker evaluates dependencies with sequence expression 1`] = `
"import { styled } from 'linaria/react';
const color = (external, () => 'blue');
export const Title = /*#__PURE__*/styled(\\"h1\\")({
  name: \\"Title\\",
  class: \\"Title_t1xha7dm\\",
  vars: {
    \\"t1xha7dm-0\\": [color]
  }
});"
`;

exports[`shaker evaluates dependencies with sequence expression 2`] = `

CSS:

.Title_t1xha7dm {
  color: var(--t1xha7dm-0);
}

Dependencies: NA

`;

exports[`shaker evaluates expressions with dependencies 1`] = `
"import { styled } from 'linaria/react';
import slugify from '../slugify';
export const Title = /*#__PURE__*/styled(\\"h1\\")({
  name: \\"Title\\",
  class: \\"Title_t1xha7dm\\"
});"
`;

exports[`shaker evaluates expressions with dependencies 2`] = `

CSS:

.Title_t1xha7dm {
  &:before {
    content: "6og6jy"
  }
}

Dependencies: ../slugify

`;

exports[`shaker evaluates expressions with expressions depending on shared dependency 1`] = `
"import { styled } from 'linaria/react';

const slugify = require('../slugify').default;

const boo = t => slugify(t) + 'boo';

const bar = t => slugify(t) + 'bar';

export const Title = /*#__PURE__*/styled(\\"h1\\")({
  name: \\"Title\\",
  class: \\"Title_t1xha7dm\\"
});"
`;

exports[`shaker evaluates expressions with expressions depending on shared dependency 2`] = `

CSS:

.Title_t1xha7dm {
  &:before {
    content: "6og6jyboo6og6jybar"
  }
}

Dependencies: ../slugify

`;

exports[`shaker evaluates functions with nested identifiers 1`] = `
"import { styled } from 'linaria/react';
const objects = {
  key: {
    fontSize: 12
  }
};

const foo = k => {
  const obj = objects[k];
  return obj;
};

export const Title = /*#__PURE__*/styled(\\"h1\\")({
  name: \\"Title\\",
  class: \\"Title_t1xha7dm\\"
});"
`;

exports[`shaker evaluates functions with nested identifiers 2`] = `

CSS:

.Title_t1xha7dm {
  font-size: 12px;
}

Dependencies: NA

`;

exports[`shaker evaluates identifier in scope 1`] = `
"import { styled } from 'linaria/react';
const answer = 42;

const foo = () => answer;

const days = foo() + ' days';
export const Title = /*#__PURE__*/styled(\\"h1\\")({
  name: \\"Title\\",
  class: \\"Title_t1xha7dm\\"
});"
`;

exports[`shaker evaluates identifier in scope 2`] = `

CSS:

.Title_t1xha7dm {
  &:before {
    content: "42 days"
  }
}

Dependencies: NA

`;

exports[`shaker evaluates interpolations with sequence expression 1`] = `
"import { styled } from 'linaria/react';
export const Title = /*#__PURE__*/styled(\\"h1\\")({
  name: \\"Title\\",
  class: \\"Title_t1xha7dm\\",
  vars: {
    \\"t1xha7dm-0\\": [(external, () => \\"blue\\")]
  }
});"
`;

exports[`shaker evaluates interpolations with sequence expression 2`] = `

CSS:

.Title_t1xha7dm {
  color: var(--t1xha7dm-0);
}

Dependencies: NA

`;

exports[`shaker evaluates local expressions 1`] = `
"import { styled } from 'linaria/react';
const answer = 42;

const foo = () => answer;

export const Title = /*#__PURE__*/styled(\\"h1\\")({
  name: \\"Title\\",
  class: \\"Title_t1xha7dm\\"
});"
`;

exports[`shaker evaluates local expressions 2`] = `

CSS:

.Title_t1xha7dm {
  &:before {
    content: "42 days"
  }
}

Dependencies: NA

`;

exports[`shaker evaluates multiple expressions with shared dependency 1`] = `
"import { styled } from 'linaria/react';

const slugify = require('../slugify').default;

const boo = t => slugify(t) + 'boo';

const bar = t => slugify(t) + 'bar';

export const Title = /*#__PURE__*/styled(\\"h1\\")({
  name: \\"Title\\",
  class: \\"Title_t1xha7dm\\"
});"
`;

exports[`shaker evaluates multiple expressions with shared dependency 2`] = `

CSS:

.Title_t1xha7dm {
  &:before {
    content: "6og6jyboo"
    content: "6og6jybar"
  }
}

Dependencies: ../slugify

`;

exports[`shaker evaluates typescript enums 1`] = `
"var Colors;

(function (Colors) {
  Colors[\\"BLUE\\"] = \\"#27509A\\";
})(Colors || (Colors = {}));

const Title = styled.h1\`
  color: \${Colors.BLUE};
\`;"
`;

exports[`shaker evaluates typescript enums 2`] = `Object {}`;

exports[`shaker generates stable class names 1`] = `
"import { styled } from '../react';
export const T1 = /*#__PURE__*/styled(\\"h1\\")({
  name: \\"T1\\",
  class: \\"T1_t11kcpnd\\"
});
export const T2 = /*#__PURE__*/styled(\\"h2\\")({
  name: \\"T2\\",
  class: \\"T2_t1xdipzs\\"
});
export const T3 = /*#__PURE__*/styled(\\"h3\\")({
  name: \\"T3\\",
  class: \\"T3_tmgfls7\\"
});"
`;

exports[`shaker generates stable class names 2`] = `

CSS:

.T1_t11kcpnd {background: #111;}
.T2_t1xdipzs {background: #222;}
.T3_tmgfls7 {.T2_t1xdipzs { background: #333; }}

Dependencies: NA

`;

exports[`shaker handles complex component 1`] = `
"// Dead code in this file should be ignored
import deadDep from 'unknown-dependency';
import { styled } from 'linaria/react';
export const deadValue = deadDep();
const objects = {
  font: {
    fontSize: 12
  },
  box: {
    border: \\"1px solid red\\"
  }
};

const foo = k => {
  const {
    [k]: obj
  } = objects;
  return obj;
};

objects.font.fontWeight = 'bold';
export const whiteColor = '#fff';
export const Title = /*#__PURE__*/styled(\\"h1\\")({
  name: \\"Title\\",
  class: \\"Title_t1us8k4s\\"
});"
`;

exports[`shaker handles complex component 2`] = `

CSS:

.Title_t1us8k4s {
  font-size: 12px; font-weight: bold;
  border: 1px solid red;
}

Dependencies: NA

`;

exports[`shaker handles escapes properly 1`] = `
"import { styled } from 'linaria/react';
const selectors = ['a', 'b'];
export const Block = /*#__PURE__*/styled(\\"div\\")({
  name: \\"Block\\",
  class: \\"Block_b3rflbm\\"
});"
`;

exports[`shaker handles escapes properly 2`] = `

CSS:

.Block_b3rflbm {
  a { content: "\\u000A"; } b { content: "\\u000A"; }



   ;
}

Dependencies: NA

`;

exports[`shaker handles indirect wrapping another styled component 1`] = `
"const {
  styled
} = require('../react');

const Title = /*#__PURE__*/styled(\\"h1\\")({
  name: \\"Title\\",
  class: \\"Title_t1xha7dm\\"
});

const hoc = Cmp => Cmp;

export const CustomTitle = /*#__PURE__*/styled(hoc(Title))({
  name: \\"CustomTitle\\",
  class: \\"CustomTitle_c1rsdnkv\\"
});"
`;

exports[`shaker handles indirect wrapping another styled component 2`] = `

CSS:

.Title_t1xha7dm {
  color: red;
}
.CustomTitle_c1rsdnkv {
  font-size: 24px;
  color: blue;
}

Dependencies: NA

`;

exports[`shaker handles wrapping another styled component 1`] = `
"const {
  css
} = require('..');

const {
  styled
} = require('../react');

const Title = /*#__PURE__*/styled(\\"h1\\")({
  name: \\"Title\\",
  class: \\"Title_t1xha7dm\\"
});
export const BlueTitle = /*#__PURE__*/styled(Title)({
  name: \\"BlueTitle\\",
  class: \\"BlueTitle_b1rsdnkv\\"
});
export const GreenTitle = /*#__PURE__*/styled(BlueTitle)({
  name: \\"GreenTitle\\",
  class: \\"GreenTitle_gdu5vkq\\"
});"
`;

exports[`shaker handles wrapping another styled component 2`] = `

CSS:

.Title_t1xha7dm {
  color: red;
}
.BlueTitle_b1rsdnkv.Title_t1xha7dm {
  font-size: 24px;
  color: blue;
}
.GreenTitle_gdu5vkq.BlueTitle_b1rsdnkv.Title_t1xha7dm {
  color: green;
}

Dependencies: NA

`;

exports[`shaker hoistable identifiers 1`] = `
"import { styled } from 'linaria/react';
{
  var days = 42;
}
export const Title = /*#__PURE__*/styled(\\"h1\\")({
  name: \\"Title\\",
  class: \\"Title_t1xha7dm\\"
});"
`;

exports[`shaker hoistable identifiers 2`] = `

CSS:

.Title_t1xha7dm {
  &:before {
    content: "42"
  }
}

Dependencies: NA

`;

exports[`shaker ignores external expressions 1`] = `
"import { styled } from 'linaria/react';

const generate = props => props.content;

export const Title = /*#__PURE__*/styled(\\"h1\\")({
  name: \\"Title\\",
  class: \\"Title_t1xha7dm\\",
  vars: {
    \\"t1xha7dm-0\\": [generate]
  }
});"
`;

exports[`shaker ignores external expressions 2`] = `

CSS:

.Title_t1xha7dm {
  &:before {
    content: "var(--t1xha7dm-0)"
  }
}

Dependencies: NA

`;

exports[`shaker ignores inline arrow function expressions 1`] = `
"import { styled } from 'linaria/react';
export const Title = /*#__PURE__*/styled(\\"h1\\")({
  name: \\"Title\\",
  class: \\"Title_t1xha7dm\\",
  vars: {
    \\"t1xha7dm-0\\": [props => props.content]
  }
});"
`;

exports[`shaker ignores inline arrow function expressions 2`] = `

CSS:

.Title_t1xha7dm {
  &:before {
    content: "var(--t1xha7dm-0)"
  }
}

Dependencies: NA

`;

exports[`shaker ignores inline vanilla function expressions 1`] = `
"import { styled } from 'linaria/react';
export const Title = /*#__PURE__*/styled(\\"h1\\")({
  name: \\"Title\\",
  class: \\"Title_t1xha7dm\\",
  vars: {
    \\"t1xha7dm-0\\": [function (props) {
      return props.content;
    }]
  }
});"
`;

exports[`shaker ignores inline vanilla function expressions 2`] = `

CSS:

.Title_t1xha7dm {
  &:before {
    content: "var(--t1xha7dm-0)"
  }
}

Dependencies: NA

`;

exports[`shaker inlines array styles as CSS string 1`] = `
"import { styled } from 'linaria/react';

const fill = (top = 0, left = 0, right = 0, bottom = 0) => [{
  position: 'absolute'
}, {
  top,
  right,
  bottom,
  left
}];

export const Title = /*#__PURE__*/styled(\\"h1\\")({
  name: \\"Title\\",
  class: \\"Title_t1xha7dm\\"
});"
`;

exports[`shaker inlines array styles as CSS string 2`] = `

CSS:

.Title_t1xha7dm {
  position: absolute; top: 0; right: 0; bottom: 0; left: 0;
}

Dependencies: NA

`;

exports[`shaker inlines object styles as CSS string 1`] = `
"import { styled } from 'linaria/react';

const fill = (top = 0, left = 0, right = 0, bottom = 0) => ({
  position: 'absolute',
  top,
  right,
  bottom,
  left
});

export const Title = /*#__PURE__*/styled(\\"h1\\")({
  name: \\"Title\\",
  class: \\"Title_t1xha7dm\\"
});"
`;

exports[`shaker inlines object styles as CSS string 2`] = `

CSS:

.Title_t1xha7dm {
  position: absolute; top: 0; right: 0; bottom: 0; left: 0;
}

Dependencies: NA

`;

exports[`shaker non-hoistable identifiers 1`] = `
"<<DIRNAME>>/source.js: An error occurred when evaluating the expression: days is not defined. Make sure you are not using a browser or Node specific API.
   7 | export const Title = styled.h1\`
   8 |   &:before {
>  9 |     content: \\"\${days}\\"
     |                 ^^^^
  10 |   }
  11 | \`;"
`;

exports[`shaker should interpolate imported components 1`] = `
"import { css } from \\"linaria\\";
import { Title } from \\"../__fixtures__/complex-component\\";
export const square = \\"square_s1xha7dm\\";"
`;

exports[`shaker should interpolate imported components 2`] = `

CSS:

.square_s1xha7dm {
  .Title_t1us8k4s {
    color: red;
  }
}

Dependencies: ../__fixtures__/complex-component

`;

exports[`shaker should interpolate imported variables 1`] = `
"import { css } from \\"linaria\\";
import { whiteColor } from \\"../__fixtures__/complex-component\\";
export const square = \\"square_s1xha7dm\\";"
`;

exports[`shaker should interpolate imported variables 2`] = `

CSS:

.square_s1xha7dm {
  color: #fff
}

Dependencies: ../__fixtures__/complex-component

`;

exports[`shaker should work with String and Number object 1`] = `
"import { css } from 'linaria';
export const style = \\"style_s1xha7dm\\";"
`;

exports[`shaker should work with String and Number object 2`] = `

CSS:

.style_s1xha7dm {
  width: 100%;
  opacity: 0.75;
}

Dependencies: NA

`;

exports[`shaker should work with generated classnames as selectors 1`] = `
"import { css } from \\"linaria\\";
export const text = \\"text_t1xha7dm\\";
export const square = \\"square_s1rsdnkv\\";"
`;

exports[`shaker should work with generated classnames as selectors 2`] = `

CSS:

.text_t1xha7dm {}
.square_s1rsdnkv {
  .text_t1xha7dm {
    color: red;
  }
}

Dependencies: NA

`;

exports[`shaker should work with wildcard imports 1`] = `
"import { css } from \\"linaria\\";
import * as mod from \\"../__fixtures__/complex-component\\";
export const square = \\"square_s1xha7dm\\";"
`;

exports[`shaker should work with wildcard imports 2`] = `

CSS:

.square_s1xha7dm {
  .Title_t1us8k4s {
    color: red;
  }
}

Dependencies: ../__fixtures__/complex-component

`;

exports[`shaker simplifies react components 1`] = `
"import React from 'react';
import { styled } from 'linaria/react';
import constant from './broken-dependency';

const FuncComponent = props => <div>{props.children + constant}</div>;

class ClassComponent extends React.PureComponent {
  method() {
    return constant;
  }

  render() {
    return <div>{props.children + constant}</div>;
  }

}

export const StyledFunc = /*#__PURE__*/styled(FuncComponent)({
  name: \\"StyledFunc\\",
  class: \\"StyledFunc_s1xha7dm\\"
});
export const StyledClass = /*#__PURE__*/styled(ClassComponent)({
  name: \\"StyledClass\\",
  class: \\"StyledClass_s1rsdnkv\\"
});"
`;

exports[`shaker simplifies react components 2`] = `

CSS:

.StyledFunc_s1xha7dm {
  color: red;
}
.StyledClass_s1rsdnkv {
  color: blue;
}

Dependencies: react

`;

exports[`shaker throws codeframe error when evaluation fails 1`] = `
"<<DIRNAME>>/source.js: An error occurred when evaluating the expression: This will fail. Make sure you are not using a browser or Node specific API.
  4 | 
  5 | export const Title = styled.h1\`
> 6 |   font-size: \${foo()}px;
    |                ^^^^^
  7 | \`;"
`;

exports[`shaker throws if couldn't determine a display name 1`] = `
"<<DIRNAME>>/.js: Couldn't determine a name for the component. Ensure that it's either:
- Assigned to a variable
- Is an object property
- Is a prop in a JSX element

  1 | import { styled } from 'linaria/react';
  2 | 
> 3 | export default styled.h1\`
    |                ^
  4 |   font-size: 14px;
  5 | \`;"
`;

exports[`shaker throws when interpolation evaluates to NaN 1`] = `
"<<DIRNAME>>/source.js: The expression evaluated to 'NaN', which is probably a mistake. If you want it to be inserted into CSS, explicitly cast or transform the value to a string, e.g. - 'String(height)'.
  4 | 
  5 | export const Title = styled.h1\`
> 6 |   height: \${height}px;
    |             ^^^^^^
  7 | \`;"
`;

exports[`shaker throws when interpolation evaluates to null 1`] = `
"<<DIRNAME>>/source.js: The expression evaluated to 'null', which is probably a mistake. If you want it to be inserted into CSS, explicitly cast or transform the value to a string, e.g. - 'String(color)'.
  4 | 
  5 | export const Title = styled.h1\`
> 6 |   color: \${color};
    |            ^^^^^
  7 | \`;"
`;

exports[`shaker throws when interpolation evaluates to undefined 1`] = `
"<<DIRNAME>>/source.js: The expression evaluated to 'undefined', which is probably a mistake. If you want it to be inserted into CSS, explicitly cast or transform the value to a string, e.g. - 'String(fontSize)'.
  4 | 
  5 | export const Title = styled.h1\`
> 6 |   font-size: \${fontSize};
    |                ^^^^^^^^
  7 | \`;"
`;
